// Jest Snapshot v1, https://goo.gl/fbAQLP

exports[`Player snapshot 1`] = `
<DocumentFragment>
  <div
    class="flex flex-col items-center gap-2 p-2 w-20"
  >
    <div
      class="
      flex
      flex-col
      items-center
      w-20
    "
    >
      <div
        class="
        flex
        items-center justify-center
        h-14
        w-14
        rounded-full
        border
        bg-white
        
border-slate-400
shadow-md
hover:cursor-pointer
hover:border-2
active:animate-none
active:shadow-none
active:border
active:border-slate-300

      "
      >
        <div
          class="relative text-slate-600"
        >
          <div
            class="text-3xl"
          >
            <svg
              fill="currentColor"
              height="1em"
              stroke="currentColor"
              stroke-width="0"
              viewBox="0 0 24 24"
              width="1em"
              xmlns="http://www.w3.org/2000/svg"
            >
              <g>
                <path
                  d="M0 0h24v24H0z"
                  fill="none"
                />
                <path
                  d="M4 22a8 8 0 1 1 16 0h-2a6 6 0 1 0-12 0H4zm8-9c-3.315 0-6-2.685-6-6s2.685-6 6-6 6 2.685 6 6-2.685 6-6 6zm0-2c2.21 0 4-1.79 4-4s-1.79-4-4-4-4 1.79-4 4 1.79 4 4 4z"
                />
              </g>
            </svg>
          </div>
        </div>
      </div>
    </div>
    <div
      class="relative"
    >
      <div
        class="relative"
      >
        <div
          class="
            
flex
items-center justify-center
w-14 h-20
border-slate-400
rounded border
text-slate-600
select-none
bg-white

            
            
          "
          style="background-image: url(/intersecting-circles.svg);"
        />
      </div>
    </div>
  </div>
</DocumentFragment>
`;
