// Jest Snapshot v1, https://goo.gl/fbAQLP

exports[`PokerTable snapshot 1`] = `
<DocumentFragment>
  <div
    class="flex flex-col space-y-6 border rounded p-8 animate-pulse"
  >
    <div
      class="border-t border-b border-slate-400 text-slate-600 px-4 py-3"
      role="alert"
    >
      <p
        class="text-sm"
      >
        ã€€
      </p>
    </div>
    <div
      class="
  flex flex-wrap gap-2
  "
    />
    <div
      class="relative w-full"
    >
      <button
        class="
      relative
      py-2 px-4
      font-semibold
      border-slate-400
      text-slate-600
      border
      rounded
      shadow-md
      bg-white
      w-full
      hover:border-2
      active:shadow-none
      active:border
      active:border-slate-300
    "
        type="button"
      >
        Reset
      </button>
    </div>
  </div>
</DocumentFragment>
`;
